Fra:1 Mem:21.96M (Peak 21.96M) | Time:00:00.17 | Mem:0.00M, Peak:0.00M | Scene, ViewLayer | Synchronizing object | Cube
Fra:1 Mem:21.96M (Peak 21.96M) | Time:00:00.17 | Mem:0.00M, Peak:0.00M | Scene, ViewLayer | Synchronizing object | Cube.001
Fra:1 Mem:21.97M (Peak 21.97M) | Time:00:00.17 | Mem:0.00M, Peak:0.00M | Scene, ViewLayer | Synchronizing object | Cylinder
Fra:1 Mem:22.05M (Peak 22.05M) | Time:00:00.17 | Mem:0.00M, Peak:0.00M | Scene, ViewLayer | Synchronizing object | Cylinder.001
Fra:1 Mem:22.11M (Peak 22.11M) | Time:00:00.17 | Mem:0.00M, Peak:0.00M | Scene, ViewLayer | Synchronizing object | Sphere.034
Fra:1 Mem:22.13M (Peak 22.13M) | Time:00:00.17 | Mem:0.00M, Peak:0.00M | Scene, ViewLayer | Synchronizing object | Sphere
Fra:1 Mem:22.75M (Peak 22.75M) | Time:00:00.17 | Mem:0.00M, Peak:0.00M | Scene, ViewLayer | Synchronizing object | Sphere.033
Fra:1 Mem:23.00M (Peak 23.00M) | Time:00:00.17 | Mem:0.00M, Peak:0.00M | Scene, ViewLayer | Synchronizing object | Sphere.032
Fra:1 Mem:23.20M (Peak 23.20M) | Time:00:00.17 | Mem:0.00M, Peak:0.00M | Scene, ViewLayer | Synchronizing object | Sphere.031
Fra:1 Mem:23.44M (Peak 23.44M) | Time:00:00.17 | Mem:0.00M, Peak:0.00M | Scene, ViewLayer | Synchronizing object | Sphere.030
Fra:1 Mem:23.62M (Peak 23.62M) | Time:00:00.17 | Mem:0.00M, Peak:0.00M | Scene, ViewLayer | Synchronizing object | Cylinder.002
Fra:1 Mem:23.71M (Peak 23.71M) | Time:00:00.17 | Mem:0.00M, Peak:0.00M | Scene, ViewLayer | Synchronizing object | Sphere.029
Fra:1 Mem:23.83M (Peak 23.83M) | Time:00:00.17 | Mem:0.00M, Peak:0.00M | Scene, ViewLayer | Synchronizing object | Cylinder.003
Fra:1 Mem:23.94M (Peak 23.94M) | Time:00:00.17 | Mem:0.00M, Peak:0.00M | Scene, ViewLayer | Synchronizing object | Torus
Fra:1 Mem:24.01M (Peak 24.01M) | Time:00:00.17 | Mem:0.00M, Peak:0.00M | Scene, ViewLayer | Synchronizing object | Sphere.028
Fra:1 Mem:24.41M (Peak 24.41M) | Time:00:00.17 | Mem:0.00M, Peak:0.00M | Scene, ViewLayer | Synchronizing object | Sphere.027
Fra:1 Mem:24.63M (Peak 24.63M) | Time:00:00.17 | Mem:0.00M, Peak:0.00M | Scene, ViewLayer | Synchronizing object | Sphere.026
Fra:1 Mem:24.78M (Peak 24.78M) | Time:00:00.17 | Mem:0.00M, Peak:0.00M | Scene, ViewLayer | Synchronizing object | Sphere.001
Fra:1 Mem:24.95M (Peak 24.95M) | Time:00:00.17 | Mem:0.00M, Peak:0.00M | Scene, ViewLayer | Synchronizing object | Sphere.025
Fra:1 Mem:25.11M (Peak 25.11M) | Time:00:00.17 | Mem:0.00M, Peak:0.00M | Scene, ViewLayer | Synchronizing object | Torus.001
Fra:1 Mem:25.36M (Peak 25.36M) | Time:00:00.17 | Mem:0.00M, Peak:0.00M | Scene, ViewLayer | Synchronizing object | Sphere.002
Fra:1 Mem:25.48M (Peak 25.48M) | Time:00:00.17 | Mem:0.00M, Peak:0.00M | Scene, ViewLayer | Synchronizing object | Sphere.024
Fra:1 Mem:25.68M (Peak 25.68M) | Time:00:00.17 | Mem:0.00M, Peak:0.00M | Scene, ViewLayer | Synchronizing object | Cylinder.004
Fra:1 Mem:25.71M (Peak 25.71M) | Time:00:00.17 | Mem:0.00M, Peak:0.00M | Scene, ViewLayer | Synchronizing object | Cylinder.005
Fra:1 Mem:25.76M (Peak 25.76M) | Time:00:00.17 | Mem:0.00M, Peak:0.00M | Scene, ViewLayer | Synchronizing object | Cube.002
Fra:1 Mem:25.74M (Peak 25.76M) | Time:00:00.17 | Mem:0.00M, Peak:0.00M | Scene, ViewLayer | Synchronizing object | Sphere.023
Fra:1 Mem:25.83M (Peak 25.83M) | Time:00:00.17 | Mem:0.00M, Peak:0.00M | Scene, ViewLayer | Synchronizing object | Sphere.003
Fra:1 Mem:26.38M (Peak 26.38M) | Time:00:00.17 | Mem:0.00M, Peak:0.00M | Scene, ViewLayer | Synchronizing object | Sphere.022
Fra:1 Mem:26.67M (Peak 26.67M) | Time:00:00.17 | Mem:0.00M, Peak:0.00M | Scene, ViewLayer | Synchronizing object | Sphere.021
Fra:1 Mem:26.83M (Peak 26.83M) | Time:00:00.17 | Mem:0.00M, Peak:0.00M | Scene, ViewLayer | Synchronizing object | Sphere.020
Fra:1 Mem:27.07M (Peak 27.07M) | Time:00:00.17 | Mem:0.00M, Peak:0.00M | Scene, ViewLayer | Synchronizing object | Cylinder.006
Fra:1 Mem:27.10M (Peak 27.10M) | Time:00:00.17 | Mem:0.00M, Peak:0.00M | Scene, ViewLayer | Synchronizing object | Torus.002
Fra:1 Mem:27.35M (Peak 27.35M) | Time:00:00.17 | Mem:0.00M, Peak:0.00M | Scene, ViewLayer | Synchronizing object | Sphere.019
Fra:1 Mem:27.58M (Peak 27.58M) | Time:00:00.18 | Mem:0.00M, Peak:0.00M | Scene, ViewLayer | Synchronizing object | Sphere.018
Fra:1 Mem:27.74M (Peak 27.74M) | Time:00:00.18 | Mem:0.00M, Peak:0.00M | Scene, ViewLayer | Synchronizing object | Torus.003
Fra:1 Mem:28.08M (Peak 28.08M) | Time:00:00.18 | Mem:0.00M, Peak:0.00M | Scene, ViewLayer | Synchronizing object | Sphere.017
Fra:1 Mem:28.34M (Peak 28.34M) | Time:00:00.18 | Mem:0.00M, Peak:0.00M | Scene, ViewLayer | Synchronizing object | Sphere.004
Fra:1 Mem:28.34M (Peak 28.34M) | Time:00:00.18 | Mem:0.00M, Peak:0.00M | Scene, ViewLayer | Synchronizing object | Sphere.016
Fra:1 Mem:28.65M (Peak 28.65M) | Time:00:00.18 | Mem:0.00M, Peak:0.00M | Scene, ViewLayer | Synchronizing object | Sphere.015
Fra:1 Mem:28.65M (Peak 28.65M) | Time:00:00.18 | Mem:0.00M, Peak:0.00M | Scene, ViewLayer | Synchronizing object | Cylinder.008
Fra:1 Mem:28.76M (Peak 28.76M) | Time:00:00.18 | Mem:0.00M, Peak:0.00M | Scene, ViewLayer | Synchronizing object | Sphere.005
Fra:1 Mem:29.01M (Peak 29.01M) | Time:00:00.18 | Mem:0.00M, Peak:0.00M | Scene, ViewLayer | Synchronizing object | Sphere.014
Fra:1 Mem:29.02M (Peak 29.02M) | Time:00:00.18 | Mem:0.00M, Peak:0.00M | Scene, ViewLayer | Synchronizing object | Sphere.006
Fra:1 Mem:29.33M (Peak 29.33M) | Time:00:00.18 | Mem:0.00M, Peak:0.00M | Scene, ViewLayer | Synchronizing object | Sphere.007
Fra:1 Mem:29.42M (Peak 29.42M) | Time:00:00.18 | Mem:0.00M, Peak:0.00M | Scene, ViewLayer | Synchronizing object | Sphere.013
Fra:1 Mem:29.64M (Peak 29.64M) | Time:00:00.18 | Mem:0.00M, Peak:0.00M | Scene, ViewLayer | Synchronizing object | Sphere.008
Fra:1 Mem:29.77M (Peak 29.77M) | Time:00:00.18 | Mem:0.00M, Peak:0.00M | Scene, ViewLayer | Synchronizing object | Sphere.012
Fra:1 Mem:29.97M (Peak 29.97M) | Time:00:00.18 | Mem:0.00M, Peak:0.00M | Scene, ViewLayer | Synchronizing object | Sphere.009
Fra:1 Mem:30.11M (Peak 30.11M) | Time:00:00.18 | Mem:0.00M, Peak:0.00M | Scene, ViewLayer | Synchronizing object | Sphere.011
Fra:1 Mem:30.31M (Peak 30.31M) | Time:00:00.18 | Mem:0.00M, Peak:0.00M | Scene, ViewLayer | Synchronizing object | Sphere.010
Fra:1 Mem:30.62M (Peak 30.62M) | Time:00:00.18 | Mem:0.00M, Peak:0.00M | Scene, ViewLayer | Initializing
Fra:1 Mem:26.56M (Peak 30.62M) | Time:00:00.18 | Mem:0.00M, Peak:0.00M | Scene, ViewLayer | Waiting for render to start
Fra:1 Mem:26.57M (Peak 30.62M) | Time:00:00.18 | Mem:0.00M, Peak:0.00M | Scene, ViewLayer | Loading render kernels (may take a few minutes the first time)
Fra:1 Mem:26.57M (Peak 30.62M) | Time:00:00.18 | Mem:0.00M, Peak:0.00M | Scene, ViewLayer | Updating Scene
Fra:1 Mem:26.57M (Peak 30.62M) | Time:00:00.18 | Mem:0.00M, Peak:0.00M | Scene, ViewLayer | Updating Shaders
Fra:1 Mem:26.66M (Peak 30.62M) | Time:00:00.18 | Mem:0.01M, Peak:0.01M | Scene, ViewLayer | Updating Procedurals
Fra:1 Mem:26.66M (Peak 30.62M) | Time:00:00.18 | Mem:0.01M, Peak:0.01M | Scene, ViewLayer | Updating Background
Fra:1 Mem:26.66M (Peak 30.62M) | Time:00:00.18 | Mem:0.01M, Peak:0.01M | Scene, ViewLayer | Updating Camera
Fra:1 Mem:26.66M (Peak 30.62M) | Time:00:00.18 | Mem:0.01M, Peak:0.01M | Scene, ViewLayer | Updating Meshes Flags
Fra:1 Mem:26.66M (Peak 30.62M) | Time:00:00.18 | Mem:0.01M, Peak:0.01M | Scene, ViewLayer | Updating Objects
Fra:1 Mem:26.66M (Peak 30.62M) | Time:00:00.18 | Mem:0.01M, Peak:0.01M | Scene, ViewLayer | Updating Objects | Copying Transformations to device
Fra:1 Mem:26.67M (Peak 30.62M) | Time:00:00.18 | Mem:0.02M, Peak:0.02M | Scene, ViewLayer | Updating Objects | Applying Static Transformations
Fra:1 Mem:26.67M (Peak 30.62M) | Time:00:00.18 | Mem:0.02M, Peak:0.02M | Scene, ViewLayer | Updating Particle Systems
Fra:1 Mem:26.67M (Peak 30.62M) | Time:00:00.18 | Mem:0.02M, Peak:0.02M | Scene, ViewLayer | Updating Particle Systems | Copying Particles to device
Fra:1 Mem:26.67M (Peak 30.62M) | Time:00:00.18 | Mem:0.02M, Peak:0.02M | Scene, ViewLayer | Updating Meshes
Fra:1 Mem:28.42M (Peak 30.62M) | Time:00:00.18 | Mem:0.02M, Peak:0.02M | Scene, ViewLayer | Updating Mesh | Computing attributes
Fra:1 Mem:29.09M (Peak 30.62M) | Time:00:00.18 | Mem:0.03M, Peak:0.03M | Scene, ViewLayer | Updating Mesh | Copying Attributes to device
Fra:1 Mem:29.08M (Peak 30.62M) | Time:00:00.18 | Mem:0.68M, Peak:0.68M | Scene, ViewLayer | Updating Scene BVH | Building
Fra:1 Mem:29.08M (Peak 30.62M) | Time:00:00.18 | Mem:0.68M, Peak:0.68M | Scene, ViewLayer | Updating Scene BVH | Building BVH
Fra:1 Mem:29.08M (Peak 30.62M) | Time:00:00.18 | Mem:4.18M, Peak:4.18M | Scene, ViewLayer | Updating Scene BVH | Building BVH 0%
Fra:1 Mem:29.08M (Peak 30.62M) | Time:00:00.23 | Mem:8.35M, Peak:11.84M | Scene, ViewLayer | Updating Scene BVH | Copying BVH to device
Fra:1 Mem:29.08M (Peak 30.62M) | Time:00:00.23 | Mem:8.35M, Peak:11.84M | Scene, ViewLayer | Updating Mesh | Computing normals
Fra:1 Mem:33.01M (Peak 33.01M) | Time:00:00.23 | Mem:8.35M, Peak:11.84M | Scene, ViewLayer | Updating Mesh | Copying Mesh to device
Fra:1 Mem:33.01M (Peak 33.01M) | Time:00:00.23 | Mem:12.28M, Peak:12.28M | Scene, ViewLayer | Updating Objects Flags
Fra:1 Mem:33.01M (Peak 33.01M) | Time:00:00.23 | Mem:12.28M, Peak:12.28M | Scene, ViewLayer | Updating Primitive Offsets
Fra:1 Mem:33.01M (Peak 33.01M) | Time:00:00.23 | Mem:12.28M, Peak:12.28M | Scene, ViewLayer | Updating Images
Fra:1 Mem:33.01M (Peak 33.01M) | Time:00:00.23 | Mem:12.28M, Peak:12.28M | Scene, ViewLayer | Updating Camera Volume
Fra:1 Mem:33.01M (Peak 33.01M) | Time:00:00.23 | Mem:12.28M, Peak:12.28M | Scene, ViewLayer | Updating Lookup Tables
Fra:1 Mem:33.01M (Peak 33.01M) | Time:00:00.23 | Mem:12.36M, Peak:12.36M | Scene, ViewLayer | Updating Lights
Fra:1 Mem:33.01M (Peak 33.01M) | Time:00:00.23 | Mem:12.36M, Peak:12.36M | Scene, ViewLayer | Updating Lights | Computing tree
Fra:1 Mem:45.29M (Peak 53.39M) | Time:00:00.44 | Mem:24.64M, Peak:24.64M | Scene, ViewLayer | Updating Integrator
Fra:1 Mem:45.29M (Peak 53.39M) | Time:00:00.44 | Mem:24.64M, Peak:24.64M | Scene, ViewLayer | Updating Film
Fra:1 Mem:45.30M (Peak 53.39M) | Time:00:00.44 | Mem:24.56M, Peak:24.64M | Scene, ViewLayer | Updating Lookup Tables
Fra:1 Mem:45.30M (Peak 53.39M) | Time:00:00.44 | Mem:24.64M, Peak:24.64M | Scene, ViewLayer | Updating Baking
Fra:1 Mem:45.30M (Peak 53.39M) | Time:00:00.44 | Mem:24.64M, Peak:24.64M | Scene, ViewLayer | Updating Device | Writing constant memory
Fra:1 Mem:45.30M (Peak 53.39M) | Time:00:00.44 | Mem:24.64M, Peak:24.64M | Scene, ViewLayer | Loading denoising kernels (may take a few minutes the first time)
Fra:1 Mem:45.30M (Peak 53.39M) | Time:00:00.44 | Mem:24.64M, Peak:24.64M | Scene, ViewLayer | Sample 0/64
Fra:1 Mem:82.89M (Peak 82.89M) | Time:00:02.83 | Remaining:02:30.25 | Mem:62.22M, Peak:62.22M | Scene, ViewLayer | Sample 1/64
Fra:1 Mem:82.89M (Peak 82.89M) | Time:00:39.88 | Remaining:01:49.03 | Mem:62.22M, Peak:62.22M | Scene, ViewLayer | Sample 17/64
Fra:1 Mem:82.89M (Peak 82.89M) | Time:01:16.30 | Remaining:01:11.25 | Mem:62.22M, Peak:62.22M | Scene, ViewLayer | Sample 33/64
Fra:1 Mem:82.89M (Peak 82.89M) | Time:01:52.25 | Remaining:00:34.22 | Mem:62.22M, Peak:62.22M | Scene, ViewLayer | Sample 49/64
Fra:1 Mem:98.71M (Peak 122.44M) | Time:02:30.13 | Mem:62.22M, Peak:62.22M | Scene, ViewLayer | Sample 64/64
Fra:1 Mem:98.71M (Peak 122.44M) | Time:02:30.13 | Mem:62.22M, Peak:62.22M | Scene, ViewLayer | Finished
Saved: '/home/user/operation-nightglass/photos-final/samovar.jpg'
Time: 02:30.35 (Saving: 00:00.21)

rendered /home/user/operation-nightglass/photos-final/samovar.jpg
Fra:1 Mem:19.05M (Peak 19.05M) | Time:00:00.00 | Mem:0.00M, Peak:0.00M | Scene, ViewLayer | Synchronizing object | Cube
Fra:1 Mem:19.05M (Peak 19.05M) | Time:00:00.00 | Mem:0.00M, Peak:0.00M | Scene, ViewLayer | Synchronizing object | BézierCurve
Fra:1 Mem:19.07M (Peak 19.07M) | Time:00:00.00 | Mem:0.00M, Peak:0.00M | Scene, ViewLayer | Synchronizing object | Cube.001
Fra:1 Mem:19.07M (Peak 19.07M) | Time:00:00.00 | Mem:0.00M, Peak:0.00M | Scene, ViewLayer | Synchronizing object | Cylinder
Fra:1 Mem:19.07M (Peak 19.07M) | Time:00:00.00 | Mem:0.00M, Peak:0.00M | Scene, ViewLayer | Synchronizing object | Cube.002
Fra:1 Mem:19.09M (Peak 19.09M) | Time:00:00.00 | Mem:0.00M, Peak:0.00M | Scene, ViewLayer | Synchronizing object | Cylinder.001
Fra:1 Mem:19.11M (Peak 19.11M) | Time:00:00.00 | Mem:0.00M, Peak:0.00M | Scene, ViewLayer | Synchronizing object | Cylinder.002
Fra:1 Mem:19.13M (Peak 19.13M) | Time:00:00.00 | Mem:0.00M, Peak:0.00M | Scene, ViewLayer | Synchronizing object | Cylinder.003
Fra:1 Mem:19.15M (Peak 19.15M) | Time:00:00.00 | Mem:0.00M, Peak:0.00M | Scene, ViewLayer | Synchronizing object | Cylinder.004
Fra:1 Mem:19.17M (Peak 19.17M) | Time:00:00.00 | Mem:0.00M, Peak:0.00M | Scene, ViewLayer | Synchronizing object | Cylinder.005
Fra:1 Mem:19.17M (Peak 19.17M) | Time:00:00.00 | Mem:0.00M, Peak:0.00M | Scene, ViewLayer | Synchronizing object | Cylinder.006
Fra:1 Mem:19.17M (Peak 19.17M) | Time:00:00.00 | Mem:0.00M, Peak:0.00M | Scene, ViewLayer | Synchronizing object | Cylinder.007
Fra:1 Mem:19.18M (Peak 19.18M) | Time:00:00.00 | Mem:0.00M, Peak:0.00M | Scene, ViewLayer | Synchronizing object | Cylinder.008
Fra:1 Mem:19.18M (Peak 19.18M) | Time:00:00.00 | Mem:0.00M, Peak:0.00M | Scene, ViewLayer | Synchronizing object | Cylinder.009
Fra:1 Mem:19.18M (Peak 19.18M) | Time:00:00.00 | Mem:0.00M, Peak:0.00M | Scene, ViewLayer | Synchronizing object | Cylinder.010
Fra:1 Mem:19.18M (Peak 19.18M) | Time:00:00.00 | Mem:0.00M, Peak:0.00M | Scene, ViewLayer | Synchronizing object | Cylinder.011
Fra:1 Mem:19.18M (Peak 19.18M) | Time:00:00.00 | Mem:0.00M, Peak:0.00M | Scene, ViewLayer | Synchronizing object | Cylinder.012
Fra:1 Mem:19.19M (Peak 19.19M) | Time:00:00.00 | Mem:0.00M, Peak:0.00M | Scene, ViewLayer | Synchronizing object | Cylinder.013
Fra:1 Mem:19.19M (Peak 19.19M) | Time:00:00.00 | Mem:0.00M, Peak:0.00M | Scene, ViewLayer | Synchronizing object | Cylinder.014
Fra:1 Mem:19.19M (Peak 19.19M) | Time:00:00.00 | Mem:0.00M, Peak:0.00M | Scene, ViewLayer | Synchronizing object | Cylinder.015
Fra:1 Mem:19.19M (Peak 19.19M) | Time:00:00.00 | Mem:0.00M, Peak:0.00M | Scene, ViewLayer | Synchronizing object | Cylinder.016
Fra:1 Mem:19.20M (Peak 19.20M) | Time:00:00.00 | Mem:0.00M, Peak:0.00M | Scene, ViewLayer | Synchronizing object | Cylinder.017
Fra:1 Mem:19.20M (Peak 19.20M) | Time:00:00.00 | Mem:0.00M, Peak:0.00M | Scene, ViewLayer | Synchronizing object | Cylinder.018
Fra:1 Mem:19.20M (Peak 19.20M) | Time:00:00.00 | Mem:0.00M, Peak:0.00M | Scene, ViewLayer | Synchronizing object | Cylinder.019
Fra:1 Mem:19.20M (Peak 19.20M) | Time:00:00.00 | Mem:0.00M, Peak:0.00M | Scene, ViewLayer | Synchronizing object | Cylinder.020
Fra:1 Mem:19.20M (Peak 19.20M) | Time:00:00.00 | Mem:0.00M, Peak:0.00M | Scene, ViewLayer | Synchronizing object | Cylinder.021
Fra:1 Mem:19.21M (Peak 19.21M) | Time:00:00.00 | Mem:0.00M, Peak:0.00M | Scene, ViewLayer | Synchronizing object | Cylinder.022
Fra:1 Mem:19.21M (Peak 19.21M) | Time:00:00.00 | Mem:0.00M, Peak:0.00M | Scene, ViewLayer | Synchronizing object | Cylinder.023
Fra:1 Mem:19.21M (Peak 19.21M) | Time:00:00.00 | Mem:0.00M, Peak:0.00M | Scene, ViewLayer | Synchronizing object | Cylinder.024
Fra:1 Mem:19.21M (Peak 19.21M) | Time:00:00.00 | Mem:0.00M, Peak:0.00M | Scene, ViewLayer | Synchronizing object | Cylinder.084
Fra:1 Mem:19.21M (Peak 19.21M) | Time:00:00.00 | Mem:0.00M, Peak:0.00M | Scene, ViewLayer | Synchronizing object | Cylinder.025
Fra:1 Mem:19.21M (Peak 19.21M) | Time:00:00.00 | Mem:0.00M, Peak:0.00M | Scene, ViewLayer | Synchronizing object | Cylinder.083
Fra:1 Mem:19.22M (Peak 19.22M) | Time:00:00.00 | Mem:0.00M, Peak:0.00M | Scene, ViewLayer | Synchronizing object | Cylinder.026
Fra:1 Mem:19.22M (Peak 19.22M) | Time:00:00.00 | Mem:0.00M, Peak:0.00M | Scene, ViewLayer | Synchronizing object | Cylinder.082
Fra:1 Mem:19.22M (Peak 19.22M) | Time:00:00.00 | Mem:0.00M, Peak:0.00M | Scene, ViewLayer | Synchronizing object | Cylinder.027
Fra:1 Mem:19.22M (Peak 19.22M) | Time:00:00.00 | Mem:0.00M, Peak:0.00M | Scene, ViewLayer | Synchronizing object | Cylinder.081
Fra:1 Mem:19.22M (Peak 19.22M) | Time:00:00.00 | Mem:0.00M, Peak:0.00M | Scene, ViewLayer | Synchronizing object | Cylinder.028
Fra:1 Mem:19.22M (Peak 19.22M) | Time:00:00.00 | Mem:0.00M, Peak:0.00M | Scene, ViewLayer | Synchronizing object | Cylinder.080
Fra:1 Mem:19.22M (Peak 19.22M) | Time:00:00.00 | Mem:0.00M, Peak:0.00M | Scene, ViewLayer | Synchronizing object | Cylinder.029
Fra:1 Mem:19.22M (Peak 19.22M) | Time:00:00.00 | Mem:0.00M, Peak:0.00M | Scene, ViewLayer | Synchronizing object | Cylinder.079
Fra:1 Mem:19.23M (Peak 19.23M) | Time:00:00.00 | Mem:0.00M, Peak:0.00M | Scene, ViewLayer | Synchronizing object | Cylinder.030
Fra:1 Mem:19.23M (Peak 19.23M) | Time:00:00.00 | Mem:0.00M, Peak:0.00M | Scene, ViewLayer | Synchronizing object | Cylinder.078
Fra:1 Mem:19.23M (Peak 19.23M) | Time:00:00.00 | Mem:0.00M, Peak:0.00M | Scene, ViewLayer | Synchronizing object | Cylinder.031
Fra:1 Mem:19.24M (Peak 19.23M) | Time:00:00.00 | Mem:0.00M, Peak:0.00M | Scene, ViewLayer | Synchronizing object | Cylinder.077
Fra:1 Mem:19.23M (Peak 19.23M) | Time:00:00.00 | Mem:0.00M, Peak:0.00M | Scene, ViewLayer | Synchronizing object | Cylinder.032
Fra:1 Mem:19.23M (Peak 19.23M) | Time:00:00.00 | Mem:0.00M, Peak:0.00M | Scene, ViewLayer | Synchronizing object | Cylinder.076
Fra:1 Mem:19.23M (Peak 19.23M) | Time:00:00.00 | Mem:0.00M, Peak:0.00M | Scene, ViewLayer | Synchronizing object | Cylinder.033
Fra:1 Mem:19.24M (Peak 19.24M) | Time:00:00.00 | Mem:0.00M, Peak:0.00M | Scene, ViewLayer | Synchronizing object | Cylinder.034
Fra:1 Mem:19.24M (Peak 19.24M) | Time:00:00.00 | Mem:0.00M, Peak:0.00M | Scene, ViewLayer | Synchronizing object | Cylinder.035
Fra:1 Mem:19.24M (Peak 19.24M) | Time:00:00.00 | Mem:0.00M, Peak:0.00M | Scene, ViewLayer | Synchronizing object | Cylinder.036
Fra:1 Mem:19.24M (Peak 19.24M) | Time:00:00.00 | Mem:0.00M, Peak:0.00M | Scene, ViewLayer | Synchronizing object | Cylinder.037
Fra:1 Mem:19.24M (Peak 19.24M) | Time:00:00.00 | Mem:0.00M, Peak:0.00M | Scene, ViewLayer | Synchronizing object | Cylinder.038
Fra:1 Mem:19.24M (Peak 19.24M) | Time:00:00.00 | Mem:0.00M, Peak:0.00M | Scene, ViewLayer | Synchronizing object | Cylinder.039
Fra:1 Mem:19.24M (Peak 19.24M) | Time:00:00.00 | Mem:0.00M, Peak:0.00M | Scene, ViewLayer | Synchronizing object | Cylinder.040
Fra:1 Mem:19.24M (Peak 19.24M) | Time:00:00.00 | Mem:0.00M, Peak:0.00M | Scene, ViewLayer | Synchronizing object | Cylinder.041
Fra:1 Mem:19.25M (Peak 19.25M) | Time:00:00.00 | Mem:0.00M, Peak:0.00M | Scene, ViewLayer | Synchronizing object | Cylinder.042
Fra:1 Mem:19.25M (Peak 19.25M) | Time:00:00.00 | Mem:0.00M, Peak:0.00M | Scene, ViewLayer | Synchronizing object | Cylinder.043
Fra:1 Mem:19.25M (Peak 19.25M) | Time:00:00.00 | Mem:0.00M, Peak:0.00M | Scene, ViewLayer | Synchronizing object | Cylinder.044
Fra:1 Mem:19.25M (Peak 19.25M) | Time:00:00.00 | Mem:0.00M, Peak:0.00M | Scene, ViewLayer | Synchronizing object | Cylinder.045
Fra:1 Mem:19.25M (Peak 19.25M) | Time:00:00.00 | Mem:0.00M, Peak:0.00M | Scene, ViewLayer | Synchronizing object | Cylinder.046
Fra:1 Mem:19.25M (Peak 19.25M) | Time:00:00.00 | Mem:0.00M, Peak:0.00M | Scene, ViewLayer | Synchronizing object | Cylinder.047
Fra:1 Mem:19.25M (Peak 19.25M) | Time:00:00.00 | Mem:0.00M, Peak:0.00M | Scene, ViewLayer | Synchronizing object | Cylinder.048
Fra:1 Mem:19.25M (Peak 19.25M) | Time:00:00.00 | Mem:0.00M, Peak:0.00M | Scene, ViewLayer | Synchronizing object | Cylinder.049
Fra:1 Mem:19.26M (Peak 19.26M) | Time:00:00.00 | Mem:0.00M, Peak:0.00M | Scene, ViewLayer | Synchronizing object | Cylinder.050
Fra:1 Mem:19.26M (Peak 19.26M) | Time:00:00.00 | Mem:0.00M, Peak:0.00M | Scene, ViewLayer | Synchronizing object | Cylinder.051
Fra:1 Mem:19.26M (Peak 19.26M) | Time:00:00.00 | Mem:0.00M, Peak:0.00M | Scene, ViewLayer | Synchronizing object | Cylinder.052
Fra:1 Mem:19.26M (Peak 19.26M) | Time:00:00.00 | Mem:0.00M, Peak:0.00M | Scene, ViewLayer | Synchronizing object | Cylinder.053
Fra:1 Mem:19.26M (Peak 19.26M) | Time:00:00.00 | Mem:0.00M, Peak:0.00M | Scene, ViewLayer | Synchronizing object | Cylinder.054
Fra:1 Mem:19.26M (Peak 19.26M) | Time:00:00.00 | Mem:0.00M, Peak:0.00M | Scene, ViewLayer | Synchronizing object | Cylinder.055
Fra:1 Mem:19.26M (Peak 19.26M) | Time:00:00.00 | Mem:0.00M, Peak:0.00M | Scene, ViewLayer | Synchronizing object | Cylinder.056
Fra:1 Mem:19.27M (Peak 19.27M) | Time:00:00.00 | Mem:0.00M, Peak:0.00M | Scene, ViewLayer | Synchronizing object | Cylinder.057
Fra:1 Mem:19.27M (Peak 19.27M) | Time:00:00.00 | Mem:0.00M, Peak:0.00M | Scene, ViewLayer | Synchronizing object | Cylinder.058
Fra:1 Mem:19.27M (Peak 19.27M) | Time:00:00.00 | Mem:0.00M, Peak:0.00M | Scene, ViewLayer | Synchronizing object | Cylinder.059
Fra:1 Mem:19.27M (Peak 19.27M) | Time:00:00.00 | Mem:0.00M, Peak:0.00M | Scene, ViewLayer | Synchronizing object | Cylinder.060
Fra:1 Mem:19.27M (Peak 19.27M) | Time:00:00.00 | Mem:0.00M, Peak:0.00M | Scene, ViewLayer | Synchronizing object | Cylinder.061
Fra:1 Mem:19.27M (Peak 19.27M) | Time:00:00.00 | Mem:0.00M, Peak:0.00M | Scene, ViewLayer | Synchronizing object | Cylinder.062
Fra:1 Mem:19.27M (Peak 19.27M) | Time:00:00.00 | Mem:0.00M, Peak:0.00M | Scene, ViewLayer | Synchronizing object | Cylinder.063
Fra:1 Mem:19.27M (Peak 19.27M) | Time:00:00.00 | Mem:0.00M, Peak:0.00M | Scene, ViewLayer | Synchronizing object | Cylinder.064
Fra:1 Mem:19.28M (Peak 19.28M) | Time:00:00.00 | Mem:0.00M, Peak:0.00M | Scene, ViewLayer | Synchronizing object | Cylinder.065
Fra:1 Mem:19.28M (Peak 19.28M) | Time:00:00.00 | Mem:0.00M, Peak:0.00M | Scene, ViewLayer | Synchronizing object | Cylinder.066
Fra:1 Mem:19.28M (Peak 19.28M) | Time:00:00.00 | Mem:0.00M, Peak:0.00M | Scene, ViewLayer | Synchronizing object | Cylinder.067
Fra:1 Mem:19.28M (Peak 19.28M) | Time:00:00.00 | Mem:0.00M, Peak:0.00M | Scene, ViewLayer | Synchronizing object | Cylinder.068
Fra:1 Mem:19.28M (Peak 19.28M) | Time:00:00.00 | Mem:0.00M, Peak:0.00M | Scene, ViewLayer | Synchronizing object | Cylinder.069
Fra:1 Mem:19.28M (Peak 19.28M) | Time:00:00.00 | Mem:0.00M, Peak:0.00M | Scene, ViewLayer | Synchronizing object | Cylinder.070
Fra:1 Mem:19.28M (Peak 19.28M) | Time:00:00.00 | Mem:0.00M, Peak:0.00M | Scene, ViewLayer | Synchronizing object | Cylinder.071
Fra:1 Mem:19.29M (Peak 19.29M) | Time:00:00.00 | Mem:0.00M, Peak:0.00M | Scene, ViewLayer | Synchronizing object | Cylinder.072
Fra:1 Mem:19.29M (Peak 19.29M) | Time:00:00.00 | Mem:0.00M, Peak:0.00M | Scene, ViewLayer | Synchronizing object | Cylinder.073
Fra:1 Mem:19.29M (Peak 19.29M) | Time:00:00.00 | Mem:0.00M, Peak:0.00M | Scene, ViewLayer | Synchronizing object | Cylinder.074
Fra:1 Mem:19.29M (Peak 19.29M) | Time:00:00.01 | Mem:0.00M, Peak:0.00M | Scene, ViewLayer | Initializing
Fra:1 Mem:16.14M (Peak 19.29M) | Time:00:00.01 | Mem:0.00M, Peak:0.00M | Scene, ViewLayer | Waiting for render to start
Fra:1 Mem:16.14M (Peak 19.29M) | Time:00:00.01 | Mem:0.00M, Peak:0.00M | Scene, ViewLayer | Loading render kernels (may take a few minutes the first time)
Fra:1 Mem:16.14M (Peak 19.29M) | Time:00:00.01 | Mem:0.00M, Peak:0.00M | Scene, ViewLayer | Updating Scene
Fra:1 Mem:16.14M (Peak 19.29M) | Time:00:00.01 | Mem:0.00M, Peak:0.00M | Scene, ViewLayer | Updating Shaders
Fra:1 Mem:16.23M (Peak 19.29M) | Time:00:00.01 | Mem:0.01M, Peak:0.01M | Scene, ViewLayer | Updating Procedurals
Fra:1 Mem:16.23M (Peak 19.29M) | Time:00:00.01 | Mem:0.01M, Peak:0.01M | Scene, ViewLayer | Updating Background
Fra:1 Mem:16.23M (Peak 19.29M) | Time:00:00.01 | Mem:0.01M, Peak:0.01M | Scene, ViewLayer | Updating Camera
Fra:1 Mem:16.23M (Peak 19.29M) | Time:00:00.01 | Mem:0.01M, Peak:0.01M | Scene, ViewLayer | Updating Meshes Flags
Fra:1 Mem:16.23M (Peak 19.29M) | Time:00:00.01 | Mem:0.01M, Peak:0.01M | Scene, ViewLayer | Updating Objects
Fra:1 Mem:16.23M (Peak 19.29M) | Time:00:00.01 | Mem:0.01M, Peak:0.01M | Scene, ViewLayer | Updating Objects | Copying Transformations to device
Fra:1 Mem:16.25M (Peak 19.29M) | Time:00:00.01 | Mem:0.03M, Peak:0.03M | Scene, ViewLayer | Updating Objects | Applying Static Transformations
Fra:1 Mem:16.25M (Peak 19.29M) | Time:00:00.01 | Mem:0.03M, Peak:0.03M | Scene, ViewLayer | Updating Particle Systems
Fra:1 Mem:16.25M (Peak 19.29M) | Time:00:00.01 | Mem:0.03M, Peak:0.03M | Scene, ViewLayer | Updating Particle Systems | Copying Particles to device
Fra:1 Mem:16.25M (Peak 19.29M) | Time:00:00.01 | Mem:0.03M, Peak:0.03M | Scene, ViewLayer | Updating Meshes
Fra:1 Mem:16.29M (Peak 19.29M) | Time:00:00.01 | Mem:0.03M, Peak:0.03M | Scene, ViewLayer | Updating Mesh | Computing attributes
Fra:1 Mem:16.33M (Peak 19.29M) | Time:00:00.01 | Mem:0.03M, Peak:0.03M | Scene, ViewLayer | Updating Mesh | Copying Attributes to device
Fra:1 Mem:16.32M (Peak 19.29M) | Time:00:00.01 | Mem:0.05M, Peak:0.05M | Scene, ViewLayer | Updating Scene BVH | Building
Fra:1 Mem:16.32M (Peak 19.29M) | Time:00:00.01 | Mem:0.05M, Peak:0.05M | Scene, ViewLayer | Updating Scene BVH | Building BVH
Fra:1 Mem:16.32M (Peak 19.29M) | Time:00:00.01 | Mem:0.14M, Peak:0.14M | Scene, ViewLayer | Updating Scene BVH | Building BVH 0%
Fra:1 Mem:16.32M (Peak 19.29M) | Time:00:00.01 | Mem:0.24M, Peak:0.33M | Scene, ViewLayer | Updating Scene BVH | Copying BVH to device
Fra:1 Mem:16.32M (Peak 19.29M) | Time:00:00.01 | Mem:0.24M, Peak:0.33M | Scene, ViewLayer | Updating Mesh | Computing normals
Fra:1 Mem:16.42M (Peak 19.29M) | Time:00:00.01 | Mem:0.24M, Peak:0.33M | Scene, ViewLayer | Updating Mesh | Copying Mesh to device
Fra:1 Mem:16.42M (Peak 19.29M) | Time:00:00.01 | Mem:0.35M, Peak:0.35M | Scene, ViewLayer | Updating Objects Flags
Fra:1 Mem:16.42M (Peak 19.29M) | Time:00:00.01 | Mem:0.35M, Peak:0.35M | Scene, ViewLayer | Updating Primitive Offsets
Fra:1 Mem:16.42M (Peak 19.29M) | Time:00:00.01 | Mem:0.35M, Peak:0.35M | Scene, ViewLayer | Updating Images
Fra:1 Mem:16.42M (Peak 19.29M) | Time:00:00.01 | Mem:0.35M, Peak:0.35M | Scene, ViewLayer | Updating Camera Volume
Fra:1 Mem:16.42M (Peak 19.29M) | Time:00:00.01 | Mem:0.35M, Peak:0.35M | Scene, ViewLayer | Updating Lookup Tables
Fra:1 Mem:16.42M (Peak 19.29M) | Time:00:00.01 | Mem:0.43M, Peak:0.43M | Scene, ViewLayer | Updating Lights
Fra:1 Mem:16.42M (Peak 19.29M) | Time:00:00.01 | Mem:0.43M, Peak:0.43M | Scene, ViewLayer | Updating Lights | Computing tree
Fra:1 Mem:16.42M (Peak 19.29M) | Time:00:00.01 | Mem:0.43M, Peak:0.43M | Scene, ViewLayer | Updating Integrator
Fra:1 Mem:16.42M (Peak 19.29M) | Time:00:00.01 | Mem:0.43M, Peak:0.43M | Scene, ViewLayer | Updating Film
Fra:1 Mem:16.42M (Peak 19.29M) | Time:00:00.01 | Mem:0.35M, Peak:0.43M | Scene, ViewLayer | Updating Lookup Tables
Fra:1 Mem:16.42M (Peak 19.29M) | Time:00:00.01 | Mem:0.43M, Peak:0.43M | Scene, ViewLayer | Updating Baking
Fra:1 Mem:16.42M (Peak 19.29M) | Time:00:00.01 | Mem:0.43M, Peak:0.43M | Scene, ViewLayer | Updating Device | Writing constant memory
Fra:1 Mem:16.43M (Peak 19.29M) | Time:00:00.01 | Mem:0.43M, Peak:0.43M | Scene, ViewLayer | Loading denoising kernels (may take a few minutes the first time)
Fra:1 Mem:16.43M (Peak 19.29M) | Time:00:00.01 | Mem:0.43M, Peak:0.43M | Scene, ViewLayer | Sample 0/64
Fra:1 Mem:54.01M (Peak 54.01M) | Time:00:01.10 | Remaining:01:08.34 | Mem:38.01M, Peak:38.01M | Scene, ViewLayer | Sample 1/64
Fra:1 Mem:54.01M (Peak 54.01M) | Time:00:35.44 | Remaining:00:33.28 | Mem:38.01M, Peak:38.01M | Scene, ViewLayer | Sample 33/64
Fra:1 Mem:69.84M (Peak 93.57M) | Time:01:17.55 | Mem:38.01M, Peak:38.01M | Scene, ViewLayer | Sample 64/64
Fra:1 Mem:69.84M (Peak 93.57M) | Time:01:17.55 | Mem:38.01M, Peak:38.01M | Scene, ViewLayer | Finished
Saved: '/home/user/operation-nightglass/photos-final/crowbar.jpg'
Time: 01:17.67 (Saving: 00:00.10)

rendered /home/user/operation-nightglass/photos-final/crowbar.jpg
Fra:1 Mem:18.17M (Peak 18.49M) | Time:00:00.00 | Mem:0.00M, Peak:0.00M | Scene, ViewLayer | Synchronizing object | Cube
Fra:1 Mem:18.17M (Peak 18.49M) | Time:00:00.00 | Mem:0.00M, Peak:0.00M | Scene, ViewLayer | Synchronizing object | Cube.001
Fra:1 Mem:18.17M (Peak 18.49M) | Time:00:00.00 | Mem:0.00M, Peak:0.00M | Scene, ViewLayer | Synchronizing object | Cube.002
Fra:1 Mem:18.21M (Peak 18.49M) | Time:00:00.00 | Mem:0.00M, Peak:0.00M | Scene, ViewLayer | Synchronizing object | Cube.003
Fra:1 Mem:18.22M (Peak 18.49M) | Time:00:00.00 | Mem:0.00M, Peak:0.00M | Scene, ViewLayer | Synchronizing object | Sphere.019
Fra:1 Mem:18.25M (Peak 18.49M) | Time:00:00.00 | Mem:0.00M, Peak:0.00M | Scene, ViewLayer | Synchronizing object | Cube.004
Fra:1 Mem:18.35M (Peak 18.49M) | Time:00:00.00 | Mem:0.00M, Peak:0.00M | Scene, ViewLayer | Synchronizing object | Torus
Fra:1 Mem:18.68M (Peak 18.68M) | Time:00:00.00 | Mem:0.00M, Peak:0.00M | Scene, ViewLayer | Synchronizing object | Sphere.018
Fra:1 Mem:18.91M (Peak 18.91M) | Time:00:00.00 | Mem:0.00M, Peak:0.00M | Scene, ViewLayer | Synchronizing object | Cube.005
Fra:1 Mem:18.94M (Peak 18.94M) | Time:00:00.00 | Mem:0.00M, Peak:0.00M | Scene, ViewLayer | Synchronizing object | Cube.006
Fra:1 Mem:18.92M (Peak 18.94M) | Time:00:00.00 | Mem:0.00M, Peak:0.00M | Scene, ViewLayer | Synchronizing object | Sphere.017
Fra:1 Mem:18.92M (Peak 18.94M) | Time:00:00.00 | Mem:0.00M, Peak:0.00M | Scene, ViewLayer | Synchronizing object | Cylinder.001
Fra:1 Mem:19.05M (Peak 19.05M) | Time:00:00.00 | Mem:0.00M, Peak:0.00M | Scene, ViewLayer | Synchronizing object | Cube.007
Fra:1 Mem:19.07M (Peak 19.07M) | Time:00:00.00 | Mem:0.00M, Peak:0.00M | Scene, ViewLayer | Synchronizing object | Sphere
Fra:1 Mem:19.25M (Peak 19.25M) | Time:00:00.00 | Mem:0.00M, Peak:0.00M | Scene, ViewLayer | Synchronizing object | Sphere.016
Fra:1 Mem:19.41M (Peak 19.41M) | Time:00:00.00 | Mem:0.00M, Peak:0.00M | Scene, ViewLayer | Synchronizing object | Sphere.001
Fra:1 Mem:19.58M (Peak 19.58M) | Time:00:00.00 | Mem:0.00M, Peak:0.00M | Scene, ViewLayer | Synchronizing object | Sphere.015
Fra:1 Mem:19.75M (Peak 19.75M) | Time:00:00.00 | Mem:0.00M, Peak:0.00M | Scene, ViewLayer | Synchronizing object | Sphere.002
Fra:1 Mem:19.92M (Peak 19.92M) | Time:00:00.00 | Mem:0.00M, Peak:0.00M | Scene, ViewLayer | Synchronizing object | Sphere.014
Fra:1 Mem:20.09M (Peak 20.09M) | Time:00:00.00 | Mem:0.00M, Peak:0.00M | Scene, ViewLayer | Synchronizing object | Sphere.003
Fra:1 Mem:20.25M (Peak 20.25M) | Time:00:00.00 | Mem:0.00M, Peak:0.00M | Scene, ViewLayer | Synchronizing object | Sphere.013
Fra:1 Mem:20.42M (Peak 20.42M) | Time:00:00.00 | Mem:0.00M, Peak:0.00M | Scene, ViewLayer | Synchronizing object | Sphere.004
Fra:1 Mem:20.58M (Peak 20.58M) | Time:00:00.00 | Mem:0.00M, Peak:0.00M | Scene, ViewLayer | Synchronizing object | Sphere.012
Fra:1 Mem:20.76M (Peak 20.76M) | Time:00:00.00 | Mem:0.00M, Peak:0.00M | Scene, ViewLayer | Synchronizing object | Sphere.005
Fra:1 Mem:20.92M (Peak 20.92M) | Time:00:00.00 | Mem:0.00M, Peak:0.00M | Scene, ViewLayer | Synchronizing object | Sphere.011
Fra:1 Mem:21.09M (Peak 21.09M) | Time:00:00.00 | Mem:0.00M, Peak:0.00M | Scene, ViewLayer | Synchronizing object | Sphere.006
Fra:1 Mem:21.25M (Peak 21.25M) | Time:00:00.00 | Mem:0.00M, Peak:0.00M | Scene, ViewLayer | Synchronizing object | Sphere.010
Fra:1 Mem:21.43M (Peak 21.43M) | Time:00:00.00 | Mem:0.00M, Peak:0.00M | Scene, ViewLayer | Synchronizing object | Sphere.007
Fra:1 Mem:21.58M (Peak 21.58M) | Time:00:00.00 | Mem:0.00M, Peak:0.00M | Scene, ViewLayer | Synchronizing object | Sphere.009
Fra:1 Mem:21.78M (Peak 21.78M) | Time:00:00.00 | Mem:0.00M, Peak:0.00M | Scene, ViewLayer | Synchronizing object | Sphere.008
Fra:1 Mem:21.97M (Peak 21.97M) | Time:00:00.00 | Mem:0.00M, Peak:0.00M | Scene, ViewLayer | Initializing
Fra:1 Mem:20.35M (Peak 21.97M) | Time:00:00.00 | Mem:0.00M, Peak:0.00M | Scene, ViewLayer | Waiting for render to start
Fra:1 Mem:20.35M (Peak 21.97M) | Time:00:00.00 | Mem:0.00M, Peak:0.00M | Scene, ViewLayer | Loading render kernels (may take a few minutes the first time)
Fra:1 Mem:20.35M (Peak 21.97M) | Time:00:00.00 | Mem:0.00M, Peak:0.00M | Scene, ViewLayer | Updating Scene
Fra:1 Mem:20.35M (Peak 21.97M) | Time:00:00.00 | Mem:0.00M, Peak:0.00M | Scene, ViewLayer | Updating Shaders
Fra:1 Mem:20.45M (Peak 21.97M) | Time:00:00.00 | Mem:0.01M, Peak:0.01M | Scene, ViewLayer | Updating Procedurals
Fra:1 Mem:20.45M (Peak 21.97M) | Time:00:00.00 | Mem:0.01M, Peak:0.01M | Scene, ViewLayer | Updating Background
Fra:1 Mem:20.45M (Peak 21.97M) | Time:00:00.00 | Mem:0.01M, Peak:0.01M | Scene, ViewLayer | Updating Camera
Fra:1 Mem:20.45M (Peak 21.97M) | Time:00:00.00 | Mem:0.01M, Peak:0.01M | Scene, ViewLayer | Updating Meshes Flags
Fra:1 Mem:20.45M (Peak 21.97M) | Time:00:00.00 | Mem:0.01M, Peak:0.01M | Scene, ViewLayer | Updating Objects
Fra:1 Mem:20.45M (Peak 21.97M) | Time:00:00.00 | Mem:0.01M, Peak:0.01M | Scene, ViewLayer | Updating Objects | Copying Transformations to device
Fra:1 Mem:20.45M (Peak 21.97M) | Time:00:00.00 | Mem:0.02M, Peak:0.02M | Scene, ViewLayer | Updating Objects | Applying Static Transformations
Fra:1 Mem:20.45M (Peak 21.97M) | Time:00:00.00 | Mem:0.02M, Peak:0.02M | Scene, ViewLayer | Updating Particle Systems
Fra:1 Mem:20.45M (Peak 21.97M) | Time:00:00.00 | Mem:0.02M, Peak:0.02M | Scene, ViewLayer | Updating Particle Systems | Copying Particles to device
Fra:1 Mem:20.45M (Peak 21.97M) | Time:00:00.00 | Mem:0.02M, Peak:0.02M | Scene, ViewLayer | Updating Meshes
Fra:1 Mem:21.22M (Peak 21.97M) | Time:00:00.01 | Mem:0.02M, Peak:0.02M | Scene, ViewLayer | Updating Mesh | Computing attributes
Fra:1 Mem:21.51M (Peak 21.97M) | Time:00:00.01 | Mem:0.02M, Peak:0.02M | Scene, ViewLayer | Updating Mesh | Copying Attributes to device
Fra:1 Mem:21.51M (Peak 21.97M) | Time:00:00.01 | Mem:0.31M, Peak:0.31M | Scene, ViewLayer | Updating Scene BVH | Building
Fra:1 Mem:21.51M (Peak 21.97M) | Time:00:00.01 | Mem:0.31M, Peak:0.31M | Scene, ViewLayer | Updating Scene BVH | Building BVH
Fra:1 Mem:21.51M (Peak 21.97M) | Time:00:00.01 | Mem:1.84M, Peak:1.84M | Scene, ViewLayer | Updating Scene BVH | Building BVH 0%
Fra:1 Mem:21.51M (Peak 21.97M) | Time:00:00.02 | Mem:3.67M, Peak:5.20M | Scene, ViewLayer | Updating Scene BVH | Copying BVH to device
Fra:1 Mem:21.51M (Peak 21.97M) | Time:00:00.02 | Mem:3.67M, Peak:5.20M | Scene, ViewLayer | Updating Mesh | Computing normals
Fra:1 Mem:23.23M (Peak 23.23M) | Time:00:00.02 | Mem:3.67M, Peak:5.20M | Scene, ViewLayer | Updating Mesh | Copying Mesh to device
Fra:1 Mem:23.23M (Peak 23.23M) | Time:00:00.02 | Mem:5.39M, Peak:5.39M | Scene, ViewLayer | Updating Objects Flags
Fra:1 Mem:23.23M (Peak 23.23M) | Time:00:00.02 | Mem:5.39M, Peak:5.39M | Scene, ViewLayer | Updating Primitive Offsets
Fra:1 Mem:23.23M (Peak 23.23M) | Time:00:00.02 | Mem:5.39M, Peak:5.39M | Scene, ViewLayer | Updating Images
Fra:1 Mem:23.23M (Peak 23.23M) | Time:00:00.02 | Mem:5.39M, Peak:5.39M | Scene, ViewLayer | Updating Camera Volume
Fra:1 Mem:23.23M (Peak 23.23M) | Time:00:00.02 | Mem:5.39M, Peak:5.39M | Scene, ViewLayer | Updating Lookup Tables
Fra:1 Mem:23.23M (Peak 23.23M) | Time:00:00.02 | Mem:5.47M, Peak:5.47M | Scene, ViewLayer | Updating Lights
Fra:1 Mem:23.23M (Peak 23.23M) | Time:00:00.02 | Mem:5.47M, Peak:5.47M | Scene, ViewLayer | Updating Lights | Computing tree
Fra:1 Mem:31.41M (Peak 36.81M) | Time:00:00.21 | Mem:13.66M, Peak:13.66M | Scene, ViewLayer | Updating Integrator
Fra:1 Mem:31.41M (Peak 36.81M) | Time:00:00.21 | Mem:13.66M, Peak:13.66M | Scene, ViewLayer | Updating Film
Fra:1 Mem:31.42M (Peak 36.81M) | Time:00:00.21 | Mem:13.57M, Peak:13.66M | Scene, ViewLayer | Updating Lookup Tables
Fra:1 Mem:31.42M (Peak 36.81M) | Time:00:00.21 | Mem:13.66M, Peak:13.66M | Scene, ViewLayer | Updating Baking
Fra:1 Mem:31.42M (Peak 36.81M) | Time:00:00.21 | Mem:13.66M, Peak:13.66M | Scene, ViewLayer | Updating Device | Writing constant memory
Fra:1 Mem:31.42M (Peak 36.81M) | Time:00:00.21 | Mem:13.66M, Peak:13.66M | Scene, ViewLayer | Loading denoising kernels (may take a few minutes the first time)
Fra:1 Mem:31.42M (Peak 36.81M) | Time:00:00.21 | Mem:13.66M, Peak:13.66M | Scene, ViewLayer | Sample 0/64
Fra:1 Mem:69.01M (Peak 69.01M) | Time:00:03.44 | Remaining:03:23.63 | Mem:51.23M, Peak:51.23M | Scene, ViewLayer | Sample 1/64
Fra:1 Mem:69.01M (Peak 69.01M) | Time:00:26.74 | Remaining:02:42.13 | Mem:51.23M, Peak:51.23M | Scene, ViewLayer | Sample 9/64
Fra:1 Mem:69.01M (Peak 69.01M) | Time:00:50.46 | Remaining:02:18.93 | Mem:51.23M, Peak:51.23M | Scene, ViewLayer | Sample 17/64
Fra:1 Mem:69.01M (Peak 69.01M) | Time:01:14.33 | Remaining:01:55.63 | Mem:51.23M, Peak:51.23M | Scene, ViewLayer | Sample 25/64
Fra:1 Mem:69.01M (Peak 69.01M) | Time:01:38.15 | Remaining:01:32.00 | Mem:51.23M, Peak:51.23M | Scene, ViewLayer | Sample 33/64
Fra:1 Mem:69.01M (Peak 69.01M) | Time:02:01.19 | Remaining:01:07.86 | Mem:51.23M, Peak:51.23M | Scene, ViewLayer | Sample 41/64
Fra:1 Mem:69.01M (Peak 69.01M) | Time:02:24.75 | Remaining:00:44.24 | Mem:51.23M, Peak:51.23M | Scene, ViewLayer | Sample 49/64
Fra:1 Mem:69.01M (Peak 69.01M) | Time:02:48.89 | Remaining:00:20.71 | Mem:51.23M, Peak:51.23M | Scene, ViewLayer | Sample 57/64
Fra:1 Mem:84.83M (Peak 108.56M) | Time:03:15.18 | Mem:51.23M, Peak:51.23M | Scene, ViewLayer | Sample 64/64
Fra:1 Mem:84.83M (Peak 108.56M) | Time:03:15.18 | Mem:51.23M, Peak:51.23M | Scene, ViewLayer | Finished
Saved: '/home/user/operation-nightglass/photos-final/handbag.jpg'
Time: 03:15.36 (Saving: 00:00.17)

rendered /home/user/operation-nightglass/photos-final/handbag.jpg
Fra:1 Mem:19.49M (Peak 19.49M) | Time:00:00.00 | Mem:0.00M, Peak:0.00M | Scene, ViewLayer | Synchronizing object | Cube
Fra:1 Mem:19.49M (Peak 19.49M) | Time:00:00.00 | Mem:0.00M, Peak:0.00M | Scene, ViewLayer | Synchronizing object | Text
Fra:1 Mem:19.56M (Peak 19.56M) | Time:00:00.00 | Mem:0.00M, Peak:0.00M | Scene, ViewLayer | Synchronizing object | Cube.001
Fra:1 Mem:19.57M (Peak 19.57M) | Time:00:00.00 | Mem:0.00M, Peak:0.00M | Scene, ViewLayer | Synchronizing object | Cube.002
Fra:1 Mem:19.59M (Peak 19.59M) | Time:00:00.00 | Mem:0.00M, Peak:0.00M | Scene, ViewLayer | Synchronizing object | Text.001
Fra:1 Mem:19.71M (Peak 19.71M) | Time:00:00.00 | Mem:0.00M, Peak:0.00M | Scene, ViewLayer | Synchronizing object | Text.002
Fra:1 Mem:19.73M (Peak 19.73M) | Time:00:00.00 | Mem:0.00M, Peak:0.00M | Scene, ViewLayer | Synchronizing object | Text.003
Fra:1 Mem:19.86M (Peak 19.86M) | Time:00:00.00 | Mem:0.00M, Peak:0.00M | Scene, ViewLayer | Synchronizing object | Sphere
Fra:1 Mem:20.01M (Peak 20.01M) | Time:00:00.00 | Mem:0.00M, Peak:0.00M | Scene, ViewLayer | Synchronizing object | Sphere.021
Fra:1 Mem:20.17M (Peak 20.17M) | Time:00:00.00 | Mem:0.00M, Peak:0.00M | Scene, ViewLayer | Synchronizing object | Sphere.001
Fra:1 Mem:20.34M (Peak 20.34M) | Time:00:00.00 | Mem:0.00M, Peak:0.00M | Scene, ViewLayer | Synchronizing object | Sphere.020
Fra:1 Mem:20.50M (Peak 20.50M) | Time:00:00.00 | Mem:0.00M, Peak:0.00M | Scene, ViewLayer | Synchronizing object | Cylinder
Fra:1 Mem:20.52M (Peak 20.52M) | Time:00:00.00 | Mem:0.00M, Peak:0.00M | Scene, ViewLayer | Synchronizing object | Cylinder.001
Fra:1 Mem:20.55M (Peak 20.55M) | Time:00:00.00 | Mem:0.00M, Peak:0.00M | Scene, ViewLayer | Synchronizing object | Cylinder.002
Fra:1 Mem:20.57M (Peak 20.57M) | Time:00:00.00 | Mem:0.00M, Peak:0.00M | Scene, ViewLayer | Synchronizing object | Cylinder.003
Fra:1 Mem:20.61M (Peak 20.61M) | Time:00:00.00 | Mem:0.00M, Peak:0.00M | Scene, ViewLayer | Synchronizing object | Cube.003
Fra:1 Mem:20.61M (Peak 20.61M) | Time:00:00.00 | Mem:0.00M, Peak:0.00M | Scene, ViewLayer | Synchronizing object | Sphere.002
Fra:1 Mem:20.94M (Peak 20.94M) | Time:00:00.00 | Mem:0.00M, Peak:0.00M | Scene, ViewLayer | Synchronizing object | Sphere.018
Fra:1 Mem:21.04M (Peak 21.04M) | Time:00:00.00 | Mem:0.00M, Peak:0.00M | Scene, ViewLayer | Synchronizing object | Sphere.003
Fra:1 Mem:21.27M (Peak 21.27M) | Time:00:00.00 | Mem:0.00M, Peak:0.00M | Scene, ViewLayer | Synchronizing object | Sphere.017
Fra:1 Mem:21.39M (Peak 21.39M) | Time:00:00.00 | Mem:0.00M, Peak:0.00M | Scene, ViewLayer | Synchronizing object | Sphere.004
Fra:1 Mem:21.59M (Peak 21.59M) | Time:00:00.00 | Mem:0.00M, Peak:0.00M | Scene, ViewLayer | Synchronizing object | Sphere.016
Fra:1 Mem:21.75M (Peak 21.75M) | Time:00:00.00 | Mem:0.00M, Peak:0.00M | Scene, ViewLayer | Synchronizing object | Sphere.005
Fra:1 Mem:21.92M (Peak 21.92M) | Time:00:00.00 | Mem:0.00M, Peak:0.00M | Scene, ViewLayer | Synchronizing object | Sphere.015
Fra:1 Mem:22.08M (Peak 22.08M) | Time:00:00.00 | Mem:0.00M, Peak:0.00M | Scene, ViewLayer | Synchronizing object | Sphere.006
Fra:1 Mem:22.26M (Peak 22.26M) | Time:00:00.00 | Mem:0.00M, Peak:0.00M | Scene, ViewLayer | Synchronizing object | Sphere.014
Fra:1 Mem:22.42M (Peak 22.42M) | Time:00:00.00 | Mem:0.00M, Peak:0.00M | Scene, ViewLayer | Synchronizing object | Sphere.007
Fra:1 Mem:22.59M (Peak 22.59M) | Time:00:00.00 | Mem:0.00M, Peak:0.00M | Scene, ViewLayer | Synchronizing object | Sphere.013
Fra:1 Mem:22.75M (Peak 22.75M) | Time:00:00.00 | Mem:0.00M, Peak:0.00M | Scene, ViewLayer | Synchronizing object | Sphere.008
Fra:1 Mem:22.93M (Peak 22.93M) | Time:00:00.00 | Mem:0.00M, Peak:0.00M | Scene, ViewLayer | Synchronizing object | Sphere.012
Fra:1 Mem:23.09M (Peak 23.09M) | Time:00:00.00 | Mem:0.00M, Peak:0.00M | Scene, ViewLayer | Synchronizing object | Sphere.009
Fra:1 Mem:23.26M (Peak 23.26M) | Time:00:00.00 | Mem:0.00M, Peak:0.00M | Scene, ViewLayer | Synchronizing object | Sphere.011
Fra:1 Mem:23.42M (Peak 23.42M) | Time:00:00.00 | Mem:0.00M, Peak:0.00M | Scene, ViewLayer | Synchronizing object | Sphere.010
Fra:1 Mem:23.62M (Peak 23.62M) | Time:00:00.00 | Mem:0.00M, Peak:0.00M | Scene, ViewLayer | Initializing
Fra:1 Mem:21.21M (Peak 23.62M) | Time:00:00.00 | Mem:0.00M, Peak:0.00M | Scene, ViewLayer | Waiting for render to start
Fra:1 Mem:21.21M (Peak 23.62M) | Time:00:00.00 | Mem:0.00M, Peak:0.00M | Scene, ViewLayer | Loading render kernels (may take a few minutes the first time)
Fra:1 Mem:21.21M (Peak 23.62M) | Time:00:00.00 | Mem:0.00M, Peak:0.00M | Scene, ViewLayer | Updating Scene
Fra:1 Mem:21.21M (Peak 23.62M) | Time:00:00.00 | Mem:0.00M, Peak:0.00M | Scene, ViewLayer | Updating Shaders
Fra:1 Mem:21.30M (Peak 23.62M) | Time:00:00.00 | Mem:0.01M, Peak:0.01M | Scene, ViewLayer | Updating Procedurals
Fra:1 Mem:21.30M (Peak 23.62M) | Time:00:00.00 | Mem:0.01M, Peak:0.01M | Scene, ViewLayer | Updating Background
Fra:1 Mem:21.30M (Peak 23.62M) | Time:00:00.00 | Mem:0.01M, Peak:0.01M | Scene, ViewLayer | Updating Camera
Fra:1 Mem:21.30M (Peak 23.62M) | Time:00:00.00 | Mem:0.01M, Peak:0.01M | Scene, ViewLayer | Updating Meshes Flags
Fra:1 Mem:21.30M (Peak 23.62M) | Time:00:00.00 | Mem:0.01M, Peak:0.01M | Scene, ViewLayer | Updating Objects
Fra:1 Mem:21.30M (Peak 23.62M) | Time:00:00.00 | Mem:0.01M, Peak:0.01M | Scene, ViewLayer | Updating Objects | Copying Transformations to device
Fra:1 Mem:21.31M (Peak 23.62M) | Time:00:00.00 | Mem:0.02M, Peak:0.02M | Scene, ViewLayer | Updating Objects | Applying Static Transformations
Fra:1 Mem:21.31M (Peak 23.62M) | Time:00:00.01 | Mem:0.02M, Peak:0.02M | Scene, ViewLayer | Updating Particle Systems
Fra:1 Mem:21.31M (Peak 23.62M) | Time:00:00.01 | Mem:0.02M, Peak:0.02M | Scene, ViewLayer | Updating Particle Systems | Copying Particles to device
Fra:1 Mem:21.31M (Peak 23.62M) | Time:00:00.01 | Mem:0.02M, Peak:0.02M | Scene, ViewLayer | Updating Meshes
Fra:1 Mem:22.11M (Peak 23.62M) | Time:00:00.01 | Mem:0.02M, Peak:0.02M | Scene, ViewLayer | Updating Mesh | Computing attributes
Fra:1 Mem:22.44M (Peak 23.62M) | Time:00:00.01 | Mem:0.02M, Peak:0.02M | Scene, ViewLayer | Updating Mesh | Copying Attributes to device
Fra:1 Mem:22.44M (Peak 23.62M) | Time:00:00.01 | Mem:0.34M, Peak:0.34M | Scene, ViewLayer | Updating Geometry BVH Cylinder 1/2 | Building BVH
Fra:1 Mem:22.44M (Peak 23.62M) | Time:00:00.01 | Mem:0.35M, Peak:0.35M | Scene, ViewLayer | Updating Geometry BVH Cylinder 1/2 | Building BVH 0%
Fra:1 Mem:22.44M (Peak 23.62M) | Time:00:00.01 | Mem:0.38M, Peak:0.39M | Scene, ViewLayer | Updating Scene BVH | Building
Fra:1 Mem:22.44M (Peak 23.62M) | Time:00:00.01 | Mem:0.38M, Peak:0.39M | Scene, ViewLayer | Updating Scene BVH | Building BVH
Fra:1 Mem:22.44M (Peak 23.62M) | Time:00:00.02 | Mem:3.72M, Peak:5.32M | Scene, ViewLayer | Updating Scene BVH | Copying BVH to device
Fra:1 Mem:22.44M (Peak 23.62M) | Time:00:00.02 | Mem:3.72M, Peak:5.32M | Scene, ViewLayer | Updating Mesh | Computing normals
Fra:1 Mem:24.30M (Peak 24.30M) | Time:00:00.02 | Mem:3.72M, Peak:5.32M | Scene, ViewLayer | Updating Mesh | Copying Mesh to device
Fra:1 Mem:24.30M (Peak 24.30M) | Time:00:00.02 | Mem:5.58M, Peak:5.58M | Scene, ViewLayer | Updating Objects Flags
Fra:1 Mem:24.30M (Peak 24.30M) | Time:00:00.02 | Mem:5.58M, Peak:5.58M | Scene, ViewLayer | Updating Primitive Offsets
Fra:1 Mem:24.30M (Peak 24.30M) | Time:00:00.02 | Mem:5.58M, Peak:5.58M | Scene, ViewLayer | Updating Images
Fra:1 Mem:24.30M (Peak 24.30M) | Time:00:00.02 | Mem:5.58M, Peak:5.58M | Scene, ViewLayer | Updating Camera Volume
Fra:1 Mem:24.30M (Peak 24.30M) | Time:00:00.02 | Mem:5.58M, Peak:5.58M | Scene, ViewLayer | Updating Lookup Tables
Fra:1 Mem:24.30M (Peak 24.30M) | Time:00:00.02 | Mem:5.66M, Peak:5.66M | Scene, ViewLayer | Updating Lights
Fra:1 Mem:24.30M (Peak 24.30M) | Time:00:00.02 | Mem:5.66M, Peak:5.66M | Scene, ViewLayer | Updating Lights | Computing tree
Fra:1 Mem:32.49M (Peak 37.88M) | Time:00:00.18 | Mem:13.85M, Peak:13.85M | Scene, ViewLayer | Updating Integrator
Fra:1 Mem:32.49M (Peak 37.88M) | Time:00:00.18 | Mem:13.85M, Peak:13.85M | Scene, ViewLayer | Updating Film
Fra:1 Mem:32.49M (Peak 37.88M) | Time:00:00.18 | Mem:13.77M, Peak:13.85M | Scene, ViewLayer | Updating Lookup Tables
Fra:1 Mem:32.49M (Peak 37.88M) | Time:00:00.18 | Mem:13.85M, Peak:13.85M | Scene, ViewLayer | Updating Baking
Fra:1 Mem:32.49M (Peak 37.88M) | Time:00:00.18 | Mem:13.85M, Peak:13.85M | Scene, ViewLayer | Updating Device | Writing constant memory
Fra:1 Mem:32.49M (Peak 37.88M) | Time:00:00.18 | Mem:13.85M, Peak:13.85M | Scene, ViewLayer | Loading denoising kernels (may take a few minutes the first time)
Fra:1 Mem:32.49M (Peak 37.88M) | Time:00:00.18 | Mem:13.85M, Peak:13.85M | Scene, ViewLayer | Sample 0/64
Fra:1 Mem:70.08M (Peak 70.08M) | Time:00:01.86 | Remaining:01:45.53 | Mem:51.43M, Peak:51.43M | Scene, ViewLayer | Sample 1/64
Fra:1 Mem:70.08M (Peak 70.08M) | Time:00:33.45 | Remaining:01:31.97 | Mem:51.43M, Peak:51.43M | Scene, ViewLayer | Sample 17/64
Fra:1 Mem:70.08M (Peak 70.08M) | Time:01:05.09 | Remaining:01:00.96 | Mem:51.43M, Peak:51.43M | Scene, ViewLayer | Sample 33/64
Fra:1 Mem:70.08M (Peak 70.08M) | Time:01:36.44 | Remaining:00:29.46 | Mem:51.43M, Peak:51.43M | Scene, ViewLayer | Sample 49/64
Fra:1 Mem:85.90M (Peak 109.64M) | Time:02:10.97 | Mem:51.43M, Peak:51.43M | Scene, ViewLayer | Sample 64/64
Fra:1 Mem:85.90M (Peak 109.64M) | Time:02:10.97 | Mem:51.43M, Peak:51.43M | Scene, ViewLayer | Finished
Saved: '/home/user/operation-nightglass/photos-final/programme.jpg'
Time: 02:11.12 (Saving: 00:00.14)

rendered /home/user/operation-nightglass/photos-final/programme.jpg
